>>> Starting Agent Boot Sequence...
[1/6] Checking User Account               [OK]
   ... Running as service user 'agent' (uid=1001)
[2/6] Verifying Environment Variables     [OK]
   ... All required Envs correct
[3/6] Checking Required Files             [OK]
   ... Verified 'secret.key' with correct key string.
[4/6] Checking Port Availability          [OK]
   ... Port 15034 is available.
[5/6] Verifying Log Permission            [OK]
   ... Log directory is writable: /home/agent/agent/logs
[6/6] Verifying Mission Environment       [OK]
   ... MEMORY_LIMIT=512MB, CPU_MAX_OCCUPY=80%, MULTI_THREAD_ENABLE=False
------------------------------------------------------------
All Boot Checks Passed!
Agent READY
2026-10-06 20:23:59,701 [INFO] [SafetyGuard] Process priority lowered (nice=10).
2026-10-06 20:23:59,701 [INFO] Agent listening at port 15034

==================================================
 [ Agent Initiate ] Resource Check 
==================================================
 [ MEMORY ] Limit: 512MB 		[ OK ]
 [ CPU    ] Limit: 80%  		[ WARNING: Recommend Under 50% ]
 [ THREAD ] Concurrency: False 		[ OK ]
--------------------------------------------------
 >>> SYSTEM STATUS: STABLE. STARTING WORKLOAD MONITORING...
==================================================

2026-10-06 20:24:01,713 [INFO] [CpuWorker] Started. Maximum CPU Limit: 80%
2026-10-06 20:24:01,713 [INFO] [CpuWorker] Current Load: 5.00%
2026-10-06 20:24:04,843 [INFO] [CpuWorker] Current Load: 6.09%
2026-10-06 20:24:07,969 [INFO] [CpuWorker] Current Load: 9.42%
2026-10-06 20:24:11,090 [INFO] [CpuWorker] Current Load: 10.05%
2026-10-06 20:24:14,216 [INFO] [CpuWorker] Current Load: 18.86%
2026-10-06 20:24:17,332 [INFO] [CpuWorker] Current Load: 25.31%
2026-10-06 20:24:20,460 [INFO] [CpuWorker] Current Load: 28.13%
2026-10-06 20:24:23,582 [INFO] [CpuWorker] Current Load: 37.48%
2026-10-06 20:24:26,710 [INFO] [CpuWorker] Current Load: 46.99%
2026-10-06 20:24:29,842 [INFO] [CpuWorker] Current Load: 55.39%
2026-10-06 20:24:29,948 [CRITICAL] [CpuWorker] CPU Threshold Violated! (55.38999999999999%).
