>>> Starting Agent Boot Sequence...
[1/6] Checking User Account               [OK]
   ... Running as service user 'agent' (uid=1001)
[2/6] Verifying Environment Variables     [OK]
   ... All required Envs correct
[3/6] Checking Required Files             [OK]
   ... Verified 'secret.key' with correct key string.
[4/6] Checking Port Availability          [OK]
   ... Port 15034 is available.
[5/6] Verifying Log Permission            [OK]
   ... Log directory is writable: /home/agent/agent/logs
[6/6] Verifying Mission Environment       [OK]
   ... MEMORY_LIMIT=256MB, CPU_MAX_OCCUPY=80%, MULTI_THREAD_ENABLE=False
------------------------------------------------------------
All Boot Checks Passed!
Agent READY
2026-10-06 20:05:03,604 [INFO] [SafetyGuard] Process priority lowered (nice=10).
2026-10-06 20:05:03,604 [INFO] Agent listening at port 15034

==================================================
 [ Agent Initiate ] Resource Check 
==================================================
 [ MEMORY ] Limit: 256MB 		[ WARNING: Recommend Over 256MB ]
 [ CPU    ] Limit: 80%  		[ WARNING: Recommend Under 50% ]
 [ THREAD ] Concurrency: False 		[ OK ]
--------------------------------------------------
 >>> SYSTEM STATUS: STABLE. STARTING WORKLOAD MONITORING...
==================================================

2026-10-06 20:05:05,632 [INFO] [MemoryWorker] Current Heap: 25MB
2026-10-06 20:05:08,663 [INFO] [MemoryWorker] Current Heap: 50MB
2026-10-06 20:05:11,698 [INFO] [MemoryWorker] Current Heap: 75MB
2026-10-06 20:05:14,734 [INFO] [MemoryWorker] Current Heap: 100MB
2026-10-06 20:05:17,764 [INFO] [MemoryWorker] Current Heap: 125MB
2026-10-06 20:05:20,795 [INFO] [MemoryWorker] Current Heap: 150MB
2026-10-06 20:05:23,831 [INFO] [MemoryWorker] Current Heap: 175MB
2026-10-06 20:05:26,864 [INFO] [MemoryWorker] Current Heap: 200MB
2026-10-06 20:05:29,897 [INFO] [MemoryWorker] Current Heap: 225MB
2026-10-06 20:05:32,931 [INFO] [MemoryWorker] Current Heap: 250MB
2026-10-06 20:05:35,952 [INFO] [MemoryWorker] Current Heap: 275MB
2026-10-06 20:05:35,952 [CRITICAL] [MemoryGuard] Memory limit exceeded (275MB >= 256MB) / (Recommend Over 256MB)
2026-10-06 20:05:35,952 [CRITICAL] [MemoryGuard] Self-terminating process 25 to prevent system instability.
