>>> Starting Agent Boot Sequence...
[1/6] Checking User Account               [OK]
   ... Running as service user 'agent' (uid=1001)
[2/6] Verifying Environment Variables     [OK]
   ... All required Envs correct
[3/6] Checking Required Files             [OK]
   ... Verified 'secret.key' with correct key string.
[4/6] Checking Port Availability          [OK]
   ... Port 15034 is available.
[5/6] Verifying Log Permission            [OK]
   ... Log directory is writable: /home/agent/agent/logs
[6/6] Verifying Mission Environment       [OK]
   ... MEMORY_LIMIT=256MB, CPU_MAX_OCCUPY=50%, MULTI_THREAD_ENABLE=False
------------------------------------------------------------
All Boot Checks Passed!
Agent READY
2026-10-06 20:08:45,780 [INFO] [SafetyGuard] Process priority lowered (nice=10).
2026-10-06 20:08:45,780 [INFO] Agent listening at port 15034

==================================================
 [ Agent Initiate ] Resource Check 
==================================================
 [ MEMORY ] Limit: 256MB 		[ WARNING: Recommend Over 256MB ]
 [ CPU    ] Limit: 50%  		[ OK ]
 [ THREAD ] Concurrency: False 		[ OK ]
--------------------------------------------------
 >>> SYSTEM STATUS: STABLE. STARTING WORKLOAD MONITORING...
==================================================

2026-10-06 20:08:47,809 [INFO] [MemoryWorker] Current Heap: 25MB
2026-10-06 20:08:50,846 [INFO] [MemoryWorker] Current Heap: 50MB
2026-10-06 20:08:53,878 [INFO] [MemoryWorker] Current Heap: 75MB
2026-10-06 20:08:56,908 [INFO] [MemoryWorker] Current Heap: 100MB
2026-10-06 20:08:59,918 [INFO] [MemoryWorker] Current Heap: 125MB
2026-10-06 20:09:02,944 [INFO] [MemoryWorker] Current Heap: 150MB
2026-10-06 20:09:05,972 [INFO] [MemoryWorker] Current Heap: 175MB
2026-10-06 20:09:08,997 [INFO] [MemoryWorker] Current Heap: 200MB
2026-10-06 20:09:12,028 [INFO] [MemoryWorker] Current Heap: 225MB
2026-10-06 20:09:15,062 [INFO] [MemoryWorker] Current Heap: 250MB
2026-10-06 20:09:18,086 [INFO] [MemoryWorker] Current Heap: 275MB
2026-10-06 20:09:18,086 [CRITICAL] [MemoryGuard] Memory limit exceeded (275MB >= 256MB) / (Recommend Over 256MB)
2026-10-06 20:09:18,086 [CRITICAL] [MemoryGuard] Self-terminating process 311 to prevent system instability.
EXIT:137 SURVIVED:33s
